------------------------------------------------------------
Timing Analyzer Summary
------------------------------------------------------------

Type  : Slow 1200mV 85C Model Setup 'clk'
Slack : -3.948
TNS   : -139.777

Type  : Slow 1200mV 85C Model Hold 'clk'
Slack : 0.491
TNS   : 0.000

Type  : Slow 1200mV 85C Model Recovery 'clk'
Slack : -0.180
TNS   : -0.720

Type  : Slow 1200mV 85C Model Removal 'clk'
Slack : 0.652
TNS   : 0.000

Type  : Slow 1200mV 85C Model Minimum Pulse Width 'clk'
Slack : -3.000
TNS   : -77.350

Type  : Slow 1200mV 0C Model Setup 'clk'
Slack : -3.627
TNS   : -126.730

Type  : Slow 1200mV 0C Model Hold 'clk'
Slack : 0.452
TNS   : 0.000

Type  : Slow 1200mV 0C Model Recovery 'clk'
Slack : -0.045
TNS   : -0.180

Type  : Slow 1200mV 0C Model Removal 'clk'
Slack : 0.586
TNS   : 0.000

Type  : Slow 1200mV 0C Model Minimum Pulse Width 'clk'
Slack : -3.000
TNS   : -77.350

Type  : Fast 1200mV 0C Model Setup 'clk'
Slack : -1.136
TNS   : -34.596

Type  : Fast 1200mV 0C Model Hold 'clk'
Slack : 0.201
TNS   : 0.000

Type  : Fast 1200mV 0C Model Recovery 'clk'
Slack : 0.443
TNS   : 0.000

Type  : Fast 1200mV 0C Model Removal 'clk'
Slack : 0.289
TNS   : 0.000

Type  : Fast 1200mV 0C Model Minimum Pulse Width 'clk'
Slack : -3.000
TNS   : -68.450

------------------------------------------------------------
